test_absolute_encoder_model (tests.test_virtual_hil_048.VirtualHIL048Tests.test_absolute_encoder_model) ... ok
test_canfd_brs_model (tests.test_virtual_hil_048.VirtualHIL048Tests.test_canfd_brs_model) ... ok
test_ethercat_dc_model (tests.test_virtual_hil_048.VirtualHIL048Tests.test_ethercat_dc_model) ... ok
test_foc_motor_inverter_model (tests.test_virtual_hil_048.VirtualHIL048Tests.test_foc_motor_inverter_model) ... ok
test_mcu_codegen_has_no_allocator_or_calls (tests.test_virtual_hil_048.VirtualHIL048Tests.test_mcu_codegen_has_no_allocator_or_calls) ... ok
test_sto_estop_fault_injection_model (tests.test_virtual_hil_048.VirtualHIL048Tests.test_sto_estop_fault_injection_model) ... ok
test_timestamp_model_and_kernel_software_timestamping (tests.test_virtual_hil_048.VirtualHIL048Tests.test_timestamp_model_and_kernel_software_timestamping) ... ok
test_allocation_free_profile_is_explicit_about_reference_runtime_boundary (tests.test_advanced_motion_047.AdvancedMotion047Tests.test_allocation_free_profile_is_explicit_about_reference_runtime_boundary) ... ok
test_canfd_metadata_preserves_brs_esi_and_timestamp_source (tests.test_advanced_motion_047.AdvancedMotion047Tests.test_canfd_metadata_preserves_brs_esi_and_timestamp_source) ... ok
test_disturbance_observer_converges (tests.test_advanced_motion_047.AdvancedMotion047Tests.test_disturbance_observer_converges) ... ok
test_ethercat_lrw_codec_and_parser (tests.test_advanced_motion_047.AdvancedMotion047Tests.test_ethercat_lrw_codec_and_parser) ... ok
test_ethercat_raw_open_is_device_capability_gated (tests.test_advanced_motion_047.AdvancedMotion047Tests.test_ethercat_raw_open_is_device_capability_gated) ... ok
test_foc_current_loop_zero_error_has_centered_duty (tests.test_advanced_motion_047.AdvancedMotion047Tests.test_foc_current_loop_zero_error_has_centered_duty) ... ok
test_foc_voltage_is_limited_by_bus_and_profile (tests.test_advanced_motion_047.AdvancedMotion047Tests.test_foc_voltage_is_limited_by_bus_and_profile) ... ok
test_incremental_and_absolute_encoder_unwrap (tests.test_advanced_motion_047.AdvancedMotion047Tests.test_incremental_and_absolute_encoder_unwrap) ... ok
test_mpc2_drives_double_integrator_toward_reference_with_bounds (tests.test_advanced_motion_047.AdvancedMotion047Tests.test_mpc2_drives_double_integrator_toward_reference_with_bounds) ... ok
test_multi_axis_sync_electronic_gearing_and_skew_detection (tests.test_advanced_motion_047.AdvancedMotion047Tests.test_multi_axis_sync_electronic_gearing_and_skew_detection) ... ok
test_online_rls_identifies_two_parameter_model (tests.test_advanced_motion_047.AdvancedMotion047Tests.test_online_rls_identifies_two_parameter_model) ... ok
test_python_and_go_share_advanced_motion_surface (tests.test_advanced_motion_047.AdvancedMotion047Tests.test_python_and_go_share_advanced_motion_surface) ... ok
test_saga_surface_composes_advanced_motion_without_device_authority (tests.test_advanced_motion_047.AdvancedMotion047Tests.test_saga_surface_composes_advanced_motion_without_device_authority) ... ok
test_stribeck_friction_compensation_is_odd_and_bounded_near_zero (tests.test_advanced_motion_047.AdvancedMotion047Tests.test_stribeck_friction_compensation_is_odd_and_bounded_near_zero) ... ok
test_control_tick_accepts_bounded_scalar_control (tests.test_advanced_motion_047.AllocationFreeControl047Tests.test_control_tick_accepts_bounded_scalar_control) ... ok
test_control_tick_rejects_blocking_canfd_receive (tests.test_advanced_motion_047.AllocationFreeControl047Tests.test_control_tick_rejects_blocking_canfd_receive) ... ok
test_control_tick_rejects_dynamic_list (tests.test_advanced_motion_047.AllocationFreeControl047Tests.test_control_tick_rejects_dynamic_list) ... ok
test_python_and_go_enforce_control_tick_profile (tests.test_advanced_motion_047.AllocationFreeControl047Tests.test_python_and_go_enforce_control_tick_profile) ... ok
test_alpha_beta_observer (tests.test_precision_machine_046.PrecisionMachine046Tests.test_alpha_beta_observer) ... ok
test_deadline_budget_observes_but_does_not_change_control_policy (tests.test_precision_machine_046.PrecisionMachine046Tests.test_deadline_budget_observes_but_does_not_change_control_policy) ... ok
test_foc_transforms_and_svpwm (tests.test_precision_machine_046.PrecisionMachine046Tests.test_foc_transforms_and_svpwm) ... ok
test_motor_feedforward_direction_is_explicit (tests.test_precision_machine_046.PrecisionMachine046Tests.test_motor_feedforward_direction_is_explicit) ... ok
test_notch_reset_is_deterministic (tests.test_precision_machine_046.PrecisionMachine046Tests.test_notch_reset_is_deterministic) ... ok
test_pid2_back_calculation_keeps_integral_bounded (tests.test_precision_machine_046.PrecisionMachine046Tests.test_pid2_back_calculation_keeps_integral_bounded) ... ok
test_pid2_uses_setpoint_weight_and_derivative_on_measurement (tests.test_precision_machine_046.PrecisionMachine046Tests.test_pid2_uses_setpoint_weight_and_derivative_on_measurement) ... ok
test_python_and_go_share_precision_machine_surface (tests.test_precision_machine_046.PrecisionMachine046Tests.test_python_and_go_share_precision_machine_surface) ... ok
test_saga_surface_composes_precision_control_without_device_permission (tests.test_precision_machine_046.PrecisionMachine046Tests.test_saga_surface_composes_precision_control_without_device_permission) ... ok
test_axis_controller_trips_following_error_and_soft_limit (tests.test_machine_control_036.MachineControl036Tests.test_axis_controller_trips_following_error_and_soft_limit) ... ok
test_modbus_crc_known_vector (tests.test_machine_control_036.MachineControl036Tests.test_modbus_crc_known_vector) ... ok
test_modbus_rtu_holding_registers_and_crc_validation (tests.test_machine_control_036.MachineControl036Tests.test_modbus_rtu_holding_registers_and_crc_validation) ... ok
test_modbus_tcp_mbap_transaction_and_coils (tests.test_machine_control_036.MachineControl036Tests.test_modbus_tcp_mbap_transaction_and_coils) ... ok
test_modbus_tcp_requires_device_and_network_capability (tests.test_machine_control_036.MachineControl036Tests.test_modbus_tcp_requires_device_and_network_capability) ... ok
test_s_curve_reaches_target_without_overshoot (tests.test_machine_control_036.MachineControl036Tests.test_s_curve_reaches_target_without_overshoot) ... ok
test_saga_surface_axis_and_s_curve (tests.test_machine_control_036.MachineControl036Tests.test_saga_surface_axis_and_s_curve) ... ok
test_can_extended_id_sets_eff_flag (tests.test_machine_control_028.MachineControl028Tests.test_can_extended_id_sets_eff_flag) ... ok
test_can_fd_socket_accepts_classic_frame (tests.test_machine_control_028.MachineControl028Tests.test_can_fd_socket_accepts_classic_frame) ... ok
test_encoder_and_motor_safety (tests.test_machine_control_028.MachineControl028Tests.test_encoder_and_motor_safety) ... ok
test_encoder_wraparound_is_unwrapped (tests.test_machine_control_028.MachineControl028Tests.test_encoder_wraparound_is_unwrapped) ... ok
test_hardware_calls_require_device_capability (tests.test_machine_control_028.MachineControl028Tests.test_hardware_calls_require_device_capability) ... ok
test_i2c_combined_transfer_rejects_oversized_segments (tests.test_machine_control_028.MachineControl028Tests.test_i2c_combined_transfer_rejects_oversized_segments) ... ok
test_iio_read_is_restricted_to_iio_sysfs (tests.test_machine_control_028.MachineControl028Tests.test_iio_read_is_restricted_to_iio_sysfs) ... ok
test_low_pass_watchdog_and_interlock_helpers (tests.test_machine_control_028.MachineControl028Tests.test_low_pass_watchdog_and_interlock_helpers) ... ok
test_monotonic_clock_increases (tests.test_machine_control_028.MachineControl028Tests.test_monotonic_clock_increases) ... ok
test_motion_profile_reaches_target_without_overshoot (tests.test_machine_control_028.MachineControl028Tests.test_motion_profile_reaches_target_without_overshoot) ... ok
test_pid_and_slew_are_stable (tests.test_machine_control_028.MachineControl028Tests.test_pid_and_slew_are_stable) ... ok
test_python_saga_surface_executes_portable_control (tests.test_machine_control_028.MachineControl028Tests.test_python_saga_surface_executes_portable_control) ... ok
test_safety_clear_is_rejected_while_trip_is_stopping_actuators (tests.test_machine_control_028.MachineControl028Tests.test_safety_clear_is_rejected_while_trip_is_stopping_actuators) ... ok
test_safety_trip_stops_guarded_servo_immediately (tests.test_machine_control_028.MachineControl028Tests.test_safety_trip_stops_guarded_servo_immediately) ... ok
test_servo_mapping (tests.test_machine_control_028.MachineControl028Tests.test_servo_mapping) ... ok
test_watchdog_safety_and_cycle (tests.test_machine_control_028.MachineControl028Tests.test_watchdog_safety_and_cycle) ... ok
test_control_hot_path_fits_250us_budget_at_p99 (tests.test_control_4khz_044.Control4kHz044Tests.test_control_hot_path_fits_250us_budget_at_p99) ... ok
test_kernel_timer_counts_4000_ticks_per_second (tests.test_control_4khz_044.Control4kHz044Tests.test_kernel_timer_counts_4000_ticks_per_second) ... ok

----------------------------------------------------------------------
Ran 59 tests in 2.834s

OK
